Cannot load Xdebug - it was already loaded

   INFO  No scheduled commands are ready to run.  

Cannot load Xdebug - it was already loaded

   INFO  No scheduled commands are ready to run.  

Cannot load Xdebug - it was already loaded

   INFO  No scheduled commands are ready to run.  

Cannot load Xdebug - it was already loaded

  2025-05-27 02:40:01 Running ['artisan' ticket:fetch-emails] ....... 10s DONE
  ⇂ '/usr/local/bin/php' 'artisan' ticket:fetch-emails > '/dev/null' 2>&1  

Cannot load Xdebug - it was already loaded

   INFO  No scheduled commands are ready to run.  

Cannot load Xdebug - it was already loaded

   INFO  No scheduled commands are ready to run.  

Cannot load Xdebug - it was already loaded

   INFO  No scheduled commands are ready to run.  

Cannot load Xdebug - it was already loaded

   INFO  No scheduled commands are ready to run.  

Cannot load Xdebug - it was already loaded

  2025-05-27 02:45:02 Running ['artisan' ticket:fetch-emails] ........ 4s DONE
  ⇂ '/usr/local/bin/php' 'artisan' ticket:fetch-emails > '/dev/null' 2>&1  

Cannot load Xdebug - it was already loaded

   INFO  No scheduled commands are ready to run.  

Cannot load Xdebug - it was already loaded

   INFO  No scheduled commands are ready to run.  

Cannot load Xdebug - it was already loaded

   INFO  No scheduled commands are ready to run.  

Cannot load Xdebug - it was already loaded

  2025-05-27 02:50:01 Running ['artisan' ticket:fetch-emails] ........ 4s DONE
  ⇂ '/usr/local/bin/php' 'artisan' ticket:fetch-emails > '/dev/null' 2>&1  

Cannot load Xdebug - it was already loaded

   INFO  No scheduled commands are ready to run.  

